Job Rubrene_1 started on n028 at Sun Jan  8 22:27:45 2017
jobid: u01-0-5873028c

  +--------------------------------------------------------------------+
  |  Jaguar version 9.3, release  15                                   |
  |                                                                    |
  |  Copyright Schrodinger, Inc.                                       |
  |  All Rights Reserved.                                              |
  |                                                                    |
  |  The following have contributed to Jaguar (listed alphabetically): |
  |  Mike Beachy, Art Bochevarov, Dale Braden, Yixiang Cao,            |
  |  Chris Cortis, Rich Friesner, Bill Goddard, Hod Greeley,           |
  |  Tom Hughes, Leif Jacobson, Jean-Marc Langlois,                    |
  |  Daniel Mainz, Rob Murphy, Dean Philipp,                           |
  |  Tom Pollard, Murco Ringnalda, Mark Watson.                        |
  |                                                                    |
  |  Use of this program should be acknowledged in publications as:    |
  |                                                                    |
  |  Jaguar, version 9.3, Schrodinger, Inc., New York, NY, 2016.       |
  |                                                                    |
  |  A. D. Bochevarov, E. Harder, T. F. Hughes, J. R. Greenwood,       |
  |  D. A. Braden, D. M. Philipp, D. Rinaldo, M. D. Halls,             |
  |  J. Zhang, R. A. Friesner, "Jaguar: A High-Performance Quantum     |
  |  Chemistry Software Program with Strengths in Life and Materials   |
  |  Sciences", Int. J. Quantum Chem., 2013, 113(18), 2110-2142.       |
  +--------------------------------------------------------------------+
  
  start of program pre
  
  Job name: Rubrene_1
  Executables used: /home/applications/Schrodinger_Suites_2016-3/jaguar-v9.3/bin/Linux-x86_64
  Temporary files : /scratch/Schrodinger_Suites/pbeni001/Rubrene_1#u01-0-5873028c
  Maestro file (input):  Rubrene_1.mae
  Maestro file (output): Rubrene_1.01.mae
  
  basis set:             6-31g                           
  net molecular charge:    1
  multiplicity:            2
  
  Using up to  16 threads per process
  
  number of basis functions....          434
  
 Input geometry:
                                   angstroms
  atom               x                 y                 z
  C1           -1.6853561000      0.7710262000     -0.1328443000 
  C2           -1.0189353000      1.8898217000      0.1626206000 
  C3            0.4231300000      1.8568177000     -0.0830975000 
  C4            1.2914392000      0.7481405000      0.1106534000 
  C5            0.4231235000     -0.0989946000      0.5716292000 
  C6           -0.7503020000     -0.1130861000     -0.3330758000 
  C7            2.8382341000      0.4324305000     -0.0946358000 
  C8            3.5534989000      1.6742311000     -0.1971624000 
  C9            2.9499049000      2.9450868000      0.0020588000 
  C10           3.4545036000      4.2025928000     -0.2271292000 
  C11           4.7520389000      4.2708314000     -0.5222284000 
  C12           5.3709865000      3.0710241000     -0.7521786000 
  C13           4.8935585000      1.7479593000     -0.5169301000 
  C14           5.7402227000      0.5955092000     -0.5760142000 
  C15           5.1601247000     -0.9046066000     -0.4281453000 
  C16           3.5891138000     -0.9933084000     -0.2461572000 
  C17           2.9917404000     -2.4974246000     -0.2432853000 
  C18           3.8288541000     -3.6418074000     -0.3787710000 
  C19           3.3092142000     -4.9659356000     -0.4939340000 
  C20           3.9656662000     -6.1620068000     -0.4096257000 
  C21           5.2982586000     -6.0927753000     -0.4185589000 
  C22           5.8416220000     -4.8339901000     -0.3138487000 
  C23           5.2090239000     -3.5672100000     -0.3749782000 
  C24           5.9317011000     -2.3266080000     -0.4406766000 
  C25           7.4945367000     -2.6390904000     -0.5802105000 
  C26           8.4412125000     -1.7918010000     -0.3160970000 
  C27           9.3940782000     -1.7742502000     -1.4481348000 
  C28          10.3528906000     -2.6650797000     -1.4638961000 
  C29           9.7619463000     -3.7805430000     -1.0355682000 
  C30           8.2997483000     -3.7513323000     -0.9593468000 
  C31           1.4630112000     -2.9707417000     -0.1218077000 
  C32           0.8205134000     -4.1852840000      0.2805374000 
  C33          -0.6178229000     -4.4370933000      0.0234855000 
  C34          -1.4572985000     -3.4131953000      0.1006762000 
  C35          -0.6593740000     -2.3982666000      0.3660147000 
  C36           0.4843926000     -2.3288224000     -0.5553111000 
  C37           7.2294186000      1.0846705000     -0.8026300000 
  C38           7.9590431000      2.2822901000     -0.5784300000 
  C39           9.2876153000      2.5608405000     -1.1498554000 
  C40          10.1326963000      1.5277989000     -1.2569354000 
  C41           9.4247630000      0.5298450000     -0.8071409000 
  C42           8.1189820000      0.4050317000     -1.4560368000 
  H43          -2.7155041000      0.5165597000     -0.3399264000 
  H44          -1.5702760000      2.7845428000      0.3422292000 
  H45           0.7074890000      2.6938686000     -0.6954904000 
  H46           0.8969952000     -0.9115858000      1.1295173000 
  H47          -1.0975257000     -0.8947401000     -1.0271304000 
  H48           1.9979826000      3.0614984000      0.4668001000 
  H49           2.8214006000      5.0667067000     -0.1325784000 
  H50           5.3016662000      5.1916214000     -0.6114672000 
  H51           6.3119982000      3.2776432000     -1.2145305000 
  H52           2.2848946000     -5.1688092000     -0.7255072000 
  H53           3.4123738000     -7.0845574000     -0.3663029000 
  H54           5.9361754000     -6.9563066000     -0.4667852000 
  H55           6.8732479000     -4.9455665000     -0.0706085000 
  H56           8.1006849000     -0.9718494000      0.3247323000 
  H57           9.5774233000     -1.0042001000     -2.2101785000 
  H58          11.3073491000     -2.4063889000     -1.8960392000 
  H59          10.3432364000     -4.6747931000     -0.9809573000 
  H60           7.8913923000     -4.5989325000     -1.4786729000 
  H61           1.3059347000     -4.9083344000      0.8900429000 
  H62          -1.0382482000     -5.4196417000     -0.1173374000 
  H63          -2.5238978000     -3.2582309000      0.1483340000 
  H64          -1.0833944000     -1.6677464000      1.0547285000 
  H65           0.8111315000     -1.4631513000     -1.1745932000 
  H66           7.6202082000      2.9966742000      0.1493113000 
  H67           9.6677776000      3.5401985000     -1.3583175000 
  H68          11.1867584000      1.3960610000     -1.4346577000 
  H69           9.9960027000     -0.1885956000     -0.2030932000 
  H70           7.6632310000     -0.4559916000     -1.9553906000 
   
  principal moments of inertia:
        amu*angstrom^2:     4318.94157     6990.12616    11211.53742
                g*cm^2: 7.17177032E-37 1.16073761E-36 1.86171936E-36
   
  rotational constants:
               cm^(-1):      0.00390319      0.00241163      0.00150360
                   GHz:      0.11701455      0.07229898      0.04507669
   
  Molecular weight:     532.22 amu
   
  Stoichiometry: C42H28
  Molecular Point Group: C1      
  Point Group used: C1
  
 
Number of optimization coordinates:   267
Number of independent coordinates:    267
Number of non-redundant coordinates:  204
Number of frozen coordinates:           0
Number of harmonic constraints:         0
 
Number of geometric degrees of freedom:   204
Maximum geometric degrees of freedom:     204
 " " " " " excluding dummy atoms:         204
 
  nuclear repulsion energy.......    4483.091088229 hartrees
 
 Non-default options chosen:
   SCF calculation type: UDFT(b3lyp)                 
   UDFT=Becke_3_Parameter/HF+Slater+Becke88+VWN+LYP (B3LYP)
   Geometry will be optimized in redundant internal coordinates
   Electrostatic potential fit to point charges on atomic centers
   Electrostatic potential fitting constrained to reproduce
     total charge:                yes
     dipole moment:               yes
     traceless quadrupole moment: no 
     traceless octapole moment:   no 
  
 Temporary integer options set:
     73=  2
  
  Peak memory usage:   4806 Mb
  
  end of program pre
   
 Time(pre)  user:        8.0  user+sys:        8.0  wallclock:        1.8
  
  start of program onee
  
  smallest eigenvalue of S:    3.071E-04
  number of canonical orbitals.....          432
  Peak memory usage:   4838 Mb
  
  end of program onee
   
 Time(onee)  user:        8.3  user+sys:        8.3  wallclock:        1.4
  
  start of program hfig
  
  initial wavefunction generated automatically from atomic wavefunctions
  
  -------------------
  Alpha orbital space
  -------------------
 
  Irreducible     Total no   No of occupied orbitals 
  representation  orbitals   Shell_1  Shell_2    ...
  No Symm          432        140
  ------------------------
  Orbital occupation/shell    1.000
 
  ------------------
  Beta orbital space
  ------------------
 
  Irreducible     Total no   No of occupied orbitals 
  representation  orbitals   Shell_1  Shell_2    ...
  No Symm          432        139
  ------------------------
  Orbital occupation/shell    1.000
 
  
  
    Unrestricted Spin Properties ...
    Sz*(Sz+1) ..............     0.750
    <S**2> of initial guess      0.750
  
  
  Peak memory usage:   4756 Mb
  
  end of program hfig
   
 Time(hfig)  user:        6.8  user+sys:        6.8  wallclock:        2.8
  
  start of program probe
  
  Peak memory usage:   4756 Mb
  
  end of program probe
   
 Time(probe)  user:        5.8  user+sys:        5.8  wallclock:        1.4
  
  start of program grid
  
   grid     grid set  grid #  grid sym
  ------    --------  ------  --------
  coarse        0        0        1
  medium        2        1        1
  fine          0        0        1
  ultrafine     4        2        1
  charge       -1        3        1
  gradient      4        2        1
  density       0        0        1
  DFT-fine    -11        4        1
  DFT-med.    -10        5        1
  DFT-grad    -12        6        1
  DFT-der2      0        0        1
  DFT-cphf      0        0        1
  LMP2-enrg     4        2        1
  LMP2-grad     2        1        1
  DFT-cphf2     0        0        1
  PBF-dens      0        0        1
  plotting      0        0        1
  Rel-grad    -17        0        1
  
  number of gridpoints: 
     atom        C1       C2       C3       C4       C5       C6       C7
  grid # 1       92       95       94       96       95       90      103
  grid # 2      327      334      328      362      334      330      386
  grid # 3      133      149       60       85      106       39      213
  grid # 4     4304     4304     4304     4304     4304     4304     4304
  grid # 5     1192     1192     1192     1192     1192     1192     1192
  grid # 6     5226     5226     5226     5226     5226     5226     5226
   
  number of gridpoints: 
     atom        C8       C9      C10      C11      C12      C13      C14
  grid # 1      101       94       93       93       94       98      102
  grid # 2      359      327      329      330      325      358      385
  grid # 3      234      132      202      197      126      225      203
  grid # 4     4304     4304     4304     4304     4304     4304     4304
  grid # 5     1192     1192     1192     1192     1192     1192     1192
  grid # 6     5226     5226     5226     5226     5226     5226     5226
   
  number of gridpoints: 
     atom       C15      C16      C17      C18      C19      C20      C21
  grid # 1      108      108      101       99       93       94       94
  grid # 2      402      400      387      362      325      329      329
  grid # 3      249      248      202      221      129      201      203
  grid # 4     4304     4304     4304     4304     4304     4304     4304
  grid # 5     1192     1192     1192     1192     1192     1192     1192
  grid # 6     5226     5226     5226     5226     5226     5226     5226
   
  number of gridpoints: 
     atom       C22      C23      C24      C25      C26      C27      C28
  grid # 1       94       99      103       96       95       90       92
  grid # 2      327      358      387      361      335      331      324
  grid # 3      133      233      212       86      108       36      137
  grid # 4     4304     4304     4304     4304     4304     4304     4304
  grid # 5     1192     1192     1192     1192     1192     1192     1192
  grid # 6     5226     5226     5226     5226     5226     5226     5226
   
  number of gridpoints: 
     atom       C29      C30      C31      C32      C33      C34      C35
  grid # 1       95       94       95       94       96       91       92
  grid # 2      334      329      359      329      337      323      323
  grid # 3      149       63       59       42      150      136       30
  grid # 4     4304     4304     4304     4304     4304     4304     4304
  grid # 5     1192     1192     1192     1192     1192     1192     1192
  grid # 6     5226     5226     5226     5226     5226     5226     5226
   
  number of gridpoints: 
     atom       C36      C37      C38      C39      C40      C41      C42
  grid # 1       93       95       94       96       92       92       94
  grid # 2      327      356      328      336      325      327      334
  grid # 3      104       58       35      151      134       30      111
  grid # 4     4304     4304     4304     4304     4304     4304     4304
  grid # 5     1192     1192     1192     1192     1192     1192     1192
  grid # 6     5226     5226     5226     5226     5226     5226     5226
   
  number of gridpoints: 
     atom       H43      H44      H45      H46      H47      H48      H49
  grid # 1      115      117      104      106      103      104      116
  grid # 2      452      456      423      416      413      410      450
  grid # 3     1241     1374      748      607      571      542     1264
  grid # 4     4304     4304     4304     4304     4304     4304     4304
  grid # 5     1192     1192     1192     1192     1192     1192     1192
  grid # 6     5226     5226     5226     5226     5226     5226     5226
   
  number of gridpoints: 
     atom       H50      H51      H52      H53      H54      H55      H56
  grid # 1      116      105      105      116      116      104      107
  grid # 2      450      413      413      450      450      408      417
  grid # 3     1253      531      529     1253     1264      540      618
  grid # 4     4304     4304     4304     4304     4304     4304     4304
  grid # 5     1192     1192     1192     1192     1192     1192     1192
  grid # 6     5226     5226     5226     5226     5226     5226     5226
   
  number of gridpoints: 
     atom       H57      H58      H59      H60      H61      H62      H63
  grid # 1      102      115      117      104      110      118      115
  grid # 2      411      452      456      424      433      457      452
  grid # 3      557     1252     1374      753      872     1367     1254
  grid # 4     4304     4304     4304     4304     4304     4304     4304
  grid # 5     1192     1192     1192     1192     1192     1192     1192
  grid # 6     5226     5226     5226     5226     5226     5226     5226
   
  number of gridpoints: 
     atom       H64      H65      H66      H67      H68      H69      H70
  grid # 1      105      104      110      118      115      104      104
  grid # 2      420      416      434      457      453      420      412
  grid # 3      636      577      869     1360     1257      637      575
  grid # 4     4304     4304     4304     4304     4304     4304     4304
  grid # 5     1192     1192     1192     1192     1192     1192     1192
  grid # 6     5226     5226     5226     5226     5226     5226     5226
   
  number of gridpoints: 
     atom     total
  grid # 1     7094
  grid # 2    26556
  grid # 3    31429
  grid # 4   301280
  grid # 5    83440
  grid # 6   365820
   
  Peak memory usage:   4785 Mb
  
  end of program grid
   
 Time(grid)  user:       85.1  user+sys:       85.1  wallclock:        7.2
  
  start of program rwr
  
  Peak memory usage:   4755 Mb
  
  end of program rwr
   
 Time(rwr)  user:      156.8  user+sys:      156.8  wallclock:       20.3
  
  start of program scf
  
 number of electrons..........        279
 number of alpha electrons....        140
 number of beta electrons.....        139
 number of alpha orbitals.....        432
 number of beta orbitals......        432
 number of alpha occupied orb..       140
 number of alpha virtual orb...       292
 number of beta occupied orb...       139
 number of beta virtual orb....       293
 SCF type: UDFT=Becke_3_Parameter/HF+Slater+Becke88+VWN+LYP (B3LYP)
 Energy computed with NOPS off.
  
       i  u  d  i  g                   
       t  p  i  c  r                                 RMS    maximum
       e  d  i  u  i                       energy  density   DIIS  
       r  t  s  t  d       total energy    change  change    error 
  
etot    1  N  N  5  M   -1610.72727784519           7.4E-03  1.6E-01
etot    2  Y  Y  6  M   -1611.06837171001  3.4E-01  2.0E-02  1.5E-01
etot    3  N  Y  2  U   -1569.36674319340 -4.2E+01  2.0E-02  6.4E-01
etot    4  N  Y  2  U   -1614.02162626975  4.5E+01  8.5E-03  6.6E-02
etot    5  Y  Y  6  M   -1609.84272130638 -4.2E+00  9.0E-03  1.5E-01
etot    6  N  Y  2  U   -1612.33908678849  2.5E+00  6.0E-03  1.2E-01
etot    7  Y  Y  6  M   -1614.80473938442  2.5E+00  4.4E-03  6.8E-02
etot    8  N  Y  2  U   -1614.40784144521 -4.0E-01  3.3E-03  1.1E-01
etot    9  N  Y  2  U   -1615.21934670746  8.1E-01  1.6E-03  4.2E-02
etot   10  Y  Y  6  M   -1615.28480596776  6.5E-02  1.0E-03  1.8E-02
etot   11  N  Y  2  U   -1615.31837942982  3.4E-02  6.6E-04  1.7E-02
etot   12  Y  Y  6  M   -1615.33993326509  2.2E-02  1.0E-03  5.8E-03
etot   13  N  Y  2  U   -1615.32648496028 -1.3E-02  2.6E-04  1.9E-02
etot   14  N  Y  2  U   -1615.32564387305 -8.4E-04  6.4E-05  2.0E-02
etot   15  Y  Y  6  M   -1615.32539485549 -2.5E-04  1.1E-04  2.0E-02
etot   16  Y  Y  6  M   -1615.32714356557  1.7E-03  3.2E-05  1.9E-02
etot   17  N  Y  2  U   -1615.32536211385 -1.8E-03  6.8E-05  2.0E-02
etot   18  Y  Y  6  M   -1615.32588404878  5.2E-04  1.2E-04  2.0E-02
etot   19  Y  Y  6  M   -1615.32873158910  2.8E-03  1.3E-04  1.9E-02
etot   20  Y  Y  6  M   -1615.33298141519  4.2E-03  2.4E-04  1.6E-02
etot   21  Y  Y  6  M   -1615.33572725315  2.7E-03  2.7E-04  1.6E-02
etot   22  N  Y  2  U   -1615.34269330372  7.0E-03  4.0E-03  1.2E-02
etot   23  Y  Y  6  M   -1613.66434308160 -1.7E+00  3.9E-03  1.2E-01
etot   24  N  Y  2  U   -1615.35099843343  1.7E+00  2.8E-04  7.1E-03
etot   25  Y  Y  6  M   -1615.35395139759  3.0E-03  1.3E-04  3.0E-03
etot   26  Y  Y  6  M   -1615.35493171604  9.8E-04  1.8E-04  1.9E-03
etot   27  N  Y  2  U   -1615.35554993493  6.2E-04  2.2E-04  8.0E-04
etot   28  Y  Y  6  M   -1615.35583207386  2.8E-04  6.1E-05  1.3E-03
etot   29  Y  Y  6  M   -1615.35596993074  1.4E-04  4.3E-05  9.1E-04
etot   30  N  Y  2  U   -1615.35598702316  1.7E-05  3.7E-05  1.2E-03
etot   31  N  Y  2  U   -1615.35606663342  8.0E-05  4.6E-05  6.3E-04
etot   32  N  Y  2  U   -1615.35612510748  5.8E-05  6.3E-05  4.6E-04
etot   33  Y  Y  6  M   -1615.35618749958  6.2E-05  3.1E-05  3.1E-04
etot   34  N  Y  2  U   -1615.35621428022  2.7E-05  3.3E-05  2.7E-04
etot   35  N  Y  2  U   -1615.35624080344  2.7E-05  1.0E-04  2.7E-04
etot   36  Y  Y  6  M   -1615.35632956300  8.9E-05  1.3E-05  3.4E-04
etot   37  N  Y  2  U   -1615.35633301864  3.5E-06  1.8E-05  2.9E-04
etot   38  N  Y  2  U   -1615.35634520301  1.2E-05  1.6E-05  2.7E-04
etot   39  N  Y  2  U   -1615.35633421335 -1.1E-05  1.9E-05  2.8E-04
etot   40  N  Y  2  U   -1615.35632474905 -9.5E-06  9.6E-05  2.4E-04
etot   41  Y  Y  6  M   -1615.35627300301 -5.2E-05  4.6E-05  2.8E-04
etot   42  N  Y  2  U   -1615.35629327986  2.0E-05  5.1E-05  3.0E-04
etot   43  Y  Y  6  M   -1615.35628208350 -1.1E-05  9.5E-05  1.8E-04
etot   44  Y  Y  6  M   -1615.35626187552 -2.0E-05  2.5E-05  2.7E-04
etot   45  N  Y  2  U   -1615.35627587890  1.4E-05  1.7E-05  1.1E-04
etot   46  N  Y  2  U   -1615.35627512877 -7.5E-07  2.5E-05  1.2E-04
etot   47  N  Y  2  U   -1615.35628514630  1.0E-05  3.4E-05  1.5E-04
etot   48  N  N  2  U   -1615.35628945387  4.3E-06  0.0E+00  0.0E+00
  
 ERROR 2256: fatal error
  
  SCF convergence failure:  Maximum number of iterations reached


 ----------------------------------------------------------------------
 Jaguar cannot recover from this error and will now abort. 
 For technical support please contact the Schrodinger Support Center at
 http://www.schrodinger.com/supportcenter/ or help@schrodinger.com
 ----------------------------------------------------------------------



 Total cpu seconds     user:     265.854   user+sys:     265.854

  
Date:          Sun 08 Jan 2017 22:33:40
SCHRODINGER:   /home/applications/Schrodinger_Suites_2016-3
uname -a:      Linux n028 2.6.32-431.el6.x86_64 #1 SMP Fri Nov 22 03:15:09 UTC 2013 x86_64 x86_64 x86_64 GNU/Linux
FQDN:          n028.panther.net
Main memory:   32218 MB
Free disk:     39863925 MB
Host ID:       3440b5c473ce
Machine name:  n028
OS:            CentOS release 6.5 (Final)
CPU:           Intel(R) Xeon(R) CPU E5-2670 0 @ 2.60GHz
Processors:    16
Memory:        33783648 kB
Swap:          0 kB
kernel:        2.6.32-431.el6.x86_64
glibc:         2.12
Product:       aacg-v17015-Linux-x86_64 (4d5e4891b95edc3974c2f897a8f2bbfda884f701)
Product:       bioluminate-v24015-Linux-x86_64 (c7e9ddecc01a31ee6f1f49fd0866fec40be878d9)
Product:       canvas-v29015-Linux-x86_64 (eefcb58a94f04937200c16cc72ce65c92553d20f)
Product:       combiglide-v42015-Linux-x86_64 (649832a5082f66cb6c92b108724a8a540362cfc8)
Product:       desmond-v47015-Linux-x86_64 (cd195a3f6f7c69c2e4a7d397341063b5fd7f9fa7)
Product:       epik-v37015-Linux-x86_64 (3a54a2d4762d4d26ff3f381b6eba74ffec5b135e)
Product:       glide-v72015-Linux-x86_64 (7bda026d4634ee2331fde20a7d677e0633c1458c)
Product:       impact-v72015-Linux-x86_64 (78357f574412e54dad3121cb0c6c311417a07a40)
Product:       jaguar-v93015-Linux-x86_64 (c979cf15abdb397bfe3d00837bb358b46bdb9998)
Product:       knime-v35015-Linux-x86_64 (fe637e1275d976d9c56b403a2c6666f075125988)
Product:       macromodel-v113015-Linux-x86_64 (c5bdb4b8bf816c7fdd53141b85dce76bf6aeaad9)
Product:       maestro-v107015-Linux-x86_64 (c112f21020c11ad6d55a6f13bf2f9e71852ad421)
Product:       mcpro-v43015-Linux-x86_64 (a66fce8e103e80d6ab062d78a9dd96a664b153ee)
Product:       mmshare-v35015-Linux-x86_64 (6deaa6dca9205019a9800e1f617340ea168c2739)
Product:       phase-v48015-Linux-x86_64 (5f5e3df18b3bb719c7300fee47d9ebb55737e27a)
Product:       pldb-v35015-Linux-x86_64 (5fa9a4c6731880caf6cab7034454a839dd077a79)
Product:       psp-v45015-Linux-x86_64 (af3c2b23dcf79d506aa27a3bffa4cca73631134b)
Product:       qikprop-v49015-Linux-x86_64 (5521a265f711fdfde92d556bb69a9e3f62beb1bd)
